// Jest Snapshot v1, https://goo.gl/fbAQLP

exports[`Running the stringified output script generates a valid desktop flow report 1`] = `
"const fs = require('fs');
const puppeteer = require('puppeteer'); // v13.0.0 or later

(async () => {
  const browser = await puppeteer.launch();
  const page = await browser.newPage();
  const timeout = 5000;
  page.setDefaultTimeout(timeout);

  const flags = {\\"screenEmulation\\":{\\"disabled\\":true}}
  const config = (await import('lighthouse/core/config/desktop-config.js')).default;
  const lhApi = await import('lighthouse/core/fraggle-rock/api.js');
  const lhFlow = await lhApi.startFlow(page, {name: \\"Test Flow on Desktop\\", config, flags});
  {
    const targetPage = page;
    await targetPage.setViewport({\\"width\\":757,\\"height\\":988})
  }
  await lhFlow.startNavigation();
  {
    const targetPage = page;
    const promises = [];
    promises.push(targetPage.waitForNavigation());
    await targetPage.goto(\\"http://localhost:10200/flow/index.html\\");
    await Promise.all(promises);
  }
  await lhFlow.endNavigation();
  await lhFlow.startTimespan();
  {
    const targetPage = page;
    const element = await waitForSelectors([[\\"aria/Add item\\"],[\\"#add-item\\"]], targetPage, { timeout, visible: true });
    await scrollIntoViewIfNeeded(element, timeout);
    await element.click({
      offset: {
        x: 61,
        y: 13.5625,
      },
    });
  }
  {
    const targetPage = page;
    const element = await waitForSelectors([[\\"aria/Add item\\"],[\\"#add-item\\"]], targetPage, { timeout, visible: true });
    await scrollIntoViewIfNeeded(element, timeout);
    await element.click({
      offset: {
        x: 42,
        y: 4.125,
      },
    });
  }
  {
    const targetPage = page;
    const element = await waitForSelectors([[\\"aria/Add item\\"],[\\"#add-item\\"]], targetPage, { timeout, visible: true });
    await scrollIntoViewIfNeeded(element, timeout);
    await element.click({
      offset: {
        x: 50,
        y: 8.40625,
      },
    });
  }
  await lhFlow.endTimespan();
  await lhFlow.startNavigation();
  {
    const targetPage = page;
    const promises = [];
    promises.push(targetPage.waitForNavigation());
    const element = await waitForSelectors([[\\"aria/Link to new page!\\"],[\\"#link\\"]], targetPage, { timeout, visible: true });
    await scrollIntoViewIfNeeded(element, timeout);
    await element.click({
      offset: {
        x: 53.390625,
        y: 3.6875,
      },
    });
    await Promise.all(promises);
  }
  await lhFlow.endNavigation();
  await lhFlow.startTimespan();
  {
    const targetPage = page;
    const element = await waitForSelectors([[\\"aria/Hidden content here:\\"],[\\"#content > summary\\"]], targetPage, { timeout, visible: true });
    await scrollIntoViewIfNeeded(element, timeout);
    await element.click({
      offset: {
        x: 6,
        y: 10.5625,
      },
    });
  }
  await lhFlow.endTimespan();
  const lhFlowReport = await lhFlow.generateReport();
  fs.writeFileSync(__dirname + '/flow.report.html', lhFlowReport)

  await browser.close();

  async function waitForSelectors(selectors, frame, options) {
    for (const selector of selectors) {
      try {
        return await waitForSelector(selector, frame, options);
      } catch (err) {
        console.error(err);
      }
    }
    throw new Error('Could not find element for selectors: ' + JSON.stringify(selectors));
  }

  async function scrollIntoViewIfNeeded(element, timeout) {
    await waitForConnected(element, timeout);
    const isInViewport = await element.isIntersectingViewport({threshold: 0});
    if (isInViewport) {
      return;
    }
    await element.evaluate(element => {
      element.scrollIntoView({
        block: 'center',
        inline: 'center',
        behavior: 'auto',
      });
    });
    await waitForInViewport(element, timeout);
  }

  async function waitForConnected(element, timeout) {
    await waitForFunction(async () => {
      return await element.getProperty('isConnected');
    }, timeout);
  }

  async function waitForInViewport(element, timeout) {
    await waitForFunction(async () => {
      return await element.isIntersectingViewport({threshold: 0});
    }, timeout);
  }

  async function waitForSelector(selector, frame, options) {
    if (!Array.isArray(selector)) {
      selector = [selector];
    }
    if (!selector.length) {
      throw new Error('Empty selector provided to waitForSelector');
    }
    let element = null;
    for (let i = 0; i < selector.length; i++) {
      const part = selector[i];
      if (element) {
        element = await element.waitForSelector(part, options);
      } else {
        element = await frame.waitForSelector(part, options);
      }
      if (!element) {
        throw new Error('Could not find element: ' + selector.join('>>'));
      }
      if (i < selector.length - 1) {
        element = (await element.evaluateHandle(el => el.shadowRoot ? el.shadowRoot : el)).asElement();
      }
    }
    if (!element) {
      throw new Error('Could not find element: ' + selector.join('|'));
    }
    return element;
  }

  async function waitForElement(step, frame, timeout) {
    const count = step.count || 1;
    const operator = step.operator || '>=';
    const comp = {
      '==': (a, b) => a === b,
      '>=': (a, b) => a >= b,
      '<=': (a, b) => a <= b,
    };
    const compFn = comp[operator];
    await waitForFunction(async () => {
      const elements = await querySelectorsAll(step.selectors, frame);
      return compFn(elements.length, count);
    }, timeout);
  }

  async function querySelectorsAll(selectors, frame) {
    for (const selector of selectors) {
      const result = await querySelectorAll(selector, frame);
      if (result.length) {
        return result;
      }
    }
    return [];
  }

  async function querySelectorAll(selector, frame) {
    if (!Array.isArray(selector)) {
      selector = [selector];
    }
    if (!selector.length) {
      throw new Error('Empty selector provided to querySelectorAll');
    }
    let elements = [];
    for (let i = 0; i < selector.length; i++) {
      const part = selector[i];
      if (i === 0) {
        elements = await frame.$$(part);
      } else {
        const tmpElements = elements;
        elements = [];
        for (const el of tmpElements) {
          elements.push(...(await el.$$(part)));
        }
      }
      if (elements.length === 0) {
        return [];
      }
      if (i < selector.length - 1) {
        const tmpElements = [];
        for (const el of elements) {
          const newEl = (await el.evaluateHandle(el => el.shadowRoot ? el.shadowRoot : el)).asElement();
          if (newEl) {
            tmpElements.push(newEl);
          }
        }
        elements = tmpElements;
      }
    }
    return elements;
  }

  async function waitForFunction(fn, timeout) {
    let isActive = true;
    setTimeout(() => {
      isActive = false;
    }, timeout);
    while (isActive) {
      const result = await fn();
      if (result) {
        return;
      }
      await new Promise(resolve => setTimeout(resolve, 100));
    }
    throw new Error('Timed out');
  }
})();
"
`;

exports[`Running the stringified output script generates a valid mobile flow report 1`] = `
"const fs = require('fs');
const puppeteer = require('puppeteer'); // v13.0.0 or later

(async () => {
  const browser = await puppeteer.launch();
  const page = await browser.newPage();
  const timeout = 5000;
  page.setDefaultTimeout(timeout);

  const flags = {\\"screenEmulation\\":{\\"disabled\\":true}}
  const config = undefined;
  const lhApi = await import('lighthouse/core/fraggle-rock/api.js');
  const lhFlow = await lhApi.startFlow(page, {name: \\"Test Flow on Mobile\\", config, flags});
  {
    const targetPage = page;
    await targetPage.setViewport({\\"width\\":300,\\"height\\":600})
  }
  await lhFlow.startNavigation();
  {
    const targetPage = page;
    const promises = [];
    promises.push(targetPage.waitForNavigation());
    await targetPage.goto(\\"http://localhost:10200/flow/index.html\\");
    await Promise.all(promises);
  }
  await lhFlow.endNavigation();
  await lhFlow.startTimespan();
  {
    const targetPage = page;
    const element = await waitForSelectors([[\\"aria/Add item\\"],[\\"#add-item\\"]], targetPage, { timeout, visible: true });
    await scrollIntoViewIfNeeded(element, timeout);
    await element.click({
      offset: {
        x: 61,
        y: 13.5625,
      },
    });
  }
  {
    const targetPage = page;
    const element = await waitForSelectors([[\\"aria/Add item\\"],[\\"#add-item\\"]], targetPage, { timeout, visible: true });
    await scrollIntoViewIfNeeded(element, timeout);
    await element.click({
      offset: {
        x: 42,
        y: 4.125,
      },
    });
  }
  {
    const targetPage = page;
    const element = await waitForSelectors([[\\"aria/Add item\\"],[\\"#add-item\\"]], targetPage, { timeout, visible: true });
    await scrollIntoViewIfNeeded(element, timeout);
    await element.click({
      offset: {
        x: 50,
        y: 8.40625,
      },
    });
  }
  await lhFlow.endTimespan();
  await lhFlow.startNavigation();
  {
    const targetPage = page;
    const promises = [];
    promises.push(targetPage.waitForNavigation());
    const element = await waitForSelectors([[\\"aria/Link to new page!\\"],[\\"#link\\"]], targetPage, { timeout, visible: true });
    await scrollIntoViewIfNeeded(element, timeout);
    await element.click({
      offset: {
        x: 53.390625,
        y: 3.6875,
      },
    });
    await Promise.all(promises);
  }
  await lhFlow.endNavigation();
  await lhFlow.startTimespan();
  {
    const targetPage = page;
    const element = await waitForSelectors([[\\"aria/Hidden content here:\\"],[\\"#content > summary\\"]], targetPage, { timeout, visible: true });
    await scrollIntoViewIfNeeded(element, timeout);
    await element.click({
      offset: {
        x: 6,
        y: 10.5625,
      },
    });
  }
  await lhFlow.endTimespan();
  const lhFlowReport = await lhFlow.generateReport();
  fs.writeFileSync(__dirname + '/flow.report.html', lhFlowReport)

  await browser.close();

  async function waitForSelectors(selectors, frame, options) {
    for (const selector of selectors) {
      try {
        return await waitForSelector(selector, frame, options);
      } catch (err) {
        console.error(err);
      }
    }
    throw new Error('Could not find element for selectors: ' + JSON.stringify(selectors));
  }

  async function scrollIntoViewIfNeeded(element, timeout) {
    await waitForConnected(element, timeout);
    const isInViewport = await element.isIntersectingViewport({threshold: 0});
    if (isInViewport) {
      return;
    }
    await element.evaluate(element => {
      element.scrollIntoView({
        block: 'center',
        inline: 'center',
        behavior: 'auto',
      });
    });
    await waitForInViewport(element, timeout);
  }

  async function waitForConnected(element, timeout) {
    await waitForFunction(async () => {
      return await element.getProperty('isConnected');
    }, timeout);
  }

  async function waitForInViewport(element, timeout) {
    await waitForFunction(async () => {
      return await element.isIntersectingViewport({threshold: 0});
    }, timeout);
  }

  async function waitForSelector(selector, frame, options) {
    if (!Array.isArray(selector)) {
      selector = [selector];
    }
    if (!selector.length) {
      throw new Error('Empty selector provided to waitForSelector');
    }
    let element = null;
    for (let i = 0; i < selector.length; i++) {
      const part = selector[i];
      if (element) {
        element = await element.waitForSelector(part, options);
      } else {
        element = await frame.waitForSelector(part, options);
      }
      if (!element) {
        throw new Error('Could not find element: ' + selector.join('>>'));
      }
      if (i < selector.length - 1) {
        element = (await element.evaluateHandle(el => el.shadowRoot ? el.shadowRoot : el)).asElement();
      }
    }
    if (!element) {
      throw new Error('Could not find element: ' + selector.join('|'));
    }
    return element;
  }

  async function waitForElement(step, frame, timeout) {
    const count = step.count || 1;
    const operator = step.operator || '>=';
    const comp = {
      '==': (a, b) => a === b,
      '>=': (a, b) => a >= b,
      '<=': (a, b) => a <= b,
    };
    const compFn = comp[operator];
    await waitForFunction(async () => {
      const elements = await querySelectorsAll(step.selectors, frame);
      return compFn(elements.length, count);
    }, timeout);
  }

  async function querySelectorsAll(selectors, frame) {
    for (const selector of selectors) {
      const result = await querySelectorAll(selector, frame);
      if (result.length) {
        return result;
      }
    }
    return [];
  }

  async function querySelectorAll(selector, frame) {
    if (!Array.isArray(selector)) {
      selector = [selector];
    }
    if (!selector.length) {
      throw new Error('Empty selector provided to querySelectorAll');
    }
    let elements = [];
    for (let i = 0; i < selector.length; i++) {
      const part = selector[i];
      if (i === 0) {
        elements = await frame.$$(part);
      } else {
        const tmpElements = elements;
        elements = [];
        for (const el of tmpElements) {
          elements.push(...(await el.$$(part)));
        }
      }
      if (elements.length === 0) {
        return [];
      }
      if (i < selector.length - 1) {
        const tmpElements = [];
        for (const el of elements) {
          const newEl = (await el.evaluateHandle(el => el.shadowRoot ? el.shadowRoot : el)).asElement();
          if (newEl) {
            tmpElements.push(newEl);
          }
        }
        elements = tmpElements;
      }
    }
    return elements;
  }

  async function waitForFunction(fn, timeout) {
    let isActive = true;
    setTimeout(() => {
      isActive = false;
    }, timeout);
    while (isActive) {
      const result = await fn();
      if (result) {
        return;
      }
      await new Promise(resolve => setTimeout(resolve, 100));
    }
    throw new Error('Timed out');
  }
})();
"
`;
